###############################################################################
#
# IAR ELF Linker V8.20.2.14835/W32 for ARM                06/Mar/2020  21:44:13
# Copyright 2007-2017 IAR Systems AB.
#
#    Output file  =  
#        C:\Users\infor\Desktop\Dima\Программированиеееее\2\1\Debug\Exe\lr2.out
#    Map file     =  
#        C:\Users\infor\Desktop\Dima\Программированиеееее\2\1\Debug\List\lr2.map
#    Command line =  
#        -f C:\Users\infor\AppData\Local\Temp\EW896B.tmp
#        (C:\Users\infor\Desktop\Dima\Программированиеееее\2\1\Debug\Obj\main.o
#        C:\Users\infor\Desktop\Dima\Программированиеееее\2\1\Debug\Obj\startup.o
#        -o
#        C:\Users\infor\Desktop\Dima\Программированиеееее\2\1\Debug\Exe\lr2.out
#        --redirect _Printf=_PrintfFullNoMb --redirect _Scanf=_ScanfFullNoMb
#        --map
#        C:\Users\infor\Desktop\Dima\Программированиеееее\2\1\Debug\List\lr2.map
#        --config
#        C:\Users\infor\Desktop\Dima\Программированиеееее\2\1\lr2.icf
#        --semihosting --entry __iar_program_start --no_exceptions --vfe
#        --enable_stack_usage --text_out locale)
#
###############################################################################

*******************************************************************************
*** MESSAGES
***

Warning[Ls015]: [stack usage analysis] at least one function appears to be
          uncalled. Example: "InterruptHandler::DummyHandler()". A complete
          list of uncalled functions is in the map file.


*******************************************************************************
*** RUNTIME MODEL ATTRIBUTES
***

CppFlavor        = *
__CPP_Exceptions = Disabled
__CPP_Language   = C++14
__Heap_Handler   = Basic
__SystemLibrary  = DLib
__dlib_version   = 6


*******************************************************************************
*** HEAP SELECTION
***

The basic heap was selected because no calls to memory allocation
functions were found in the application outside of system library
functions, and there are calls to deallocation functions in the
application.


*******************************************************************************
*** PLACEMENT SUMMARY
***

"A0":  place at 0x08000000 { ro section .intvec };
"P1":  place in [from 0x08000000 to 0x0807ffff] { ro };
define block CSTACK with size = 256, alignment = 8 { };
define block HEAP with size = 0M, alignment = 8 { };
"P2":  place in [from 0x20000000 to 0x2001ffff] {
          rw, block CSTACK, block HEAP };

No sections matched the following patterns:

  rw  in "P2"


  Section   Kind        Address   Size  Object
  -------   ----        -------   ----  ------
"A0":                             0xbc
  .intvec   const    0x08000000   0xbc  startup.o [1]
                   - 0x080000bc   0xbc

"P1":                             0xec
  .text     ro code  0x080000bc   0x5c  main.o [1]
  .text     ro code  0x08000118   0x14  main.o [1]
  .text     ro code  0x0800012c   0x22  fpinit_M.o [5]
  .text     ro code  0x0800014e    0x2  startup.o [1]
  .text     ro code  0x08000150   0x1e  cmain.o [6]
  .text     ro code  0x0800016e    0x4  low_level_init.o [3]
  .text     ro code  0x08000172    0x4  exit.o [3]
  .text     ro code  0x08000176    0x2  startup.o [1]
  .text     ro code  0x08000178    0xa  cexit.o [6]
  .rodata   const    0x08000182    0x1  unwind_debug.o [7]
  .text     ro code  0x08000184   0x14  exit.o [7]
  .text     ro code  0x08000198   0x10  startup.o [1]
                   - 0x080001a8   0xec

"P2":                            0x100
  CSTACK             0x20000000  0x100  <Block>
    CSTACK  uninit   0x20000000  0x100  <Block tail>
                   - 0x20000100  0x100


*******************************************************************************
*** STACK USAGE
***

  Call Graph Root Category  Max Use  Total Use
  ------------------------  -------  ---------
  Program entry                 24         24
  Uncalled function              0          0


Program entry
  "__iar_program_start": 0x08000199

  Maximum call chain                               24  bytes

    "__iar_program_start"                           8
    "__cmain"                                       0
    "main"                                         16
    "void FieldValueBase<RCC_AHB1ENR_DMA2EN_Values<RCC::AHB1ENR, (unsigned int)2, (unsigned int)1, ReadWriteMode, RCC::RCCAHB1ENRBase>, RCC::RCCAHB1ENRBase, (unsigned int)1>::Set<ReadWriteMode, void>()"
                                                    0

Uncalled function
  "InterruptHandler::DummyHandler()": 0x0800014f

  Maximum call chain                                0  bytes

    "InterruptHandler::DummyHandler()"              0

Uncalled function
  "InterruptHandler::Timer2Handler()": 0x08000177

  Maximum call chain                                0  bytes

    "InterruptHandler::Timer2Handler()"             0


*******************************************************************************
*** MODULE SUMMARY
***

    Module            ro code  ro data  rw data
    ------            -------  -------  -------
C:\Users\infor\Desktop\Dima\Программированиеееее\2\1\Debug\Obj: [1]
    main.o                112
    startup.o              20      188
    -------------------------------------------
    Total:                132      188

command line: [2]
    -------------------------------------------
    Total:

dl7M_tln.a: [3]
    exit.o                  4
    low_level_init.o        4
    -------------------------------------------
    Total:                  8

dlpp7M_tl_nc.a: [4]
    -------------------------------------------
    Total:

m7M_tls.a: [5]
    fpinit_M.o             34
    -------------------------------------------
    Total:                 34

rt7M_tl.a: [6]
    cexit.o                10
    cmain.o                30
    -------------------------------------------
    Total:                 40

shb_l.a: [7]
    exit.o                 20
    unwind_debug.o                   1
    -------------------------------------------
    Total:                 20        1

    Gaps                    1
    Linker created                          256
-----------------------------------------------
    Grand Total:          235      189      256


*******************************************************************************
*** ENTRY LIST
***

Entry                      Address  Size  Type      Object
-----                      -------  ----  ----      ------
?main                   0x08000151        Code  Gb  cmain.o [6]
CSTACK$$Base            0x20000000         --   Gb  - Linker created -
CSTACK$$Limit           0x20000100         --   Gb  - Linker created -
InterruptHandler::DummyHandler()
                        0x0800014f   0x2  Code  Gb  startup.o [1]
InterruptHandler::Timer2Handler()
                        0x08000177   0x2  Code  Gb  startup.o [1]
Region$$Table$$Base     0x00000000         --   Gb  - Linker created -
Region$$Table$$Limit    0x00000000         --   Gb  - Linker created -
__cmain                 0x08000151        Code  Gb  cmain.o [6]
__exit                  0x08000185  0x14  Code  Gb  exit.o [7]
__iar_debug_exceptions  0x08000182   0x1  Data  Gb  unwind_debug.o [7]
__iar_init_vfp          0x0800012d        Code  Gb  fpinit_M.o [5]
__iar_program_start     0x08000199  0x10  Code  Gb  startup.o [1]
__iar_systems$$module {Abs}
                        0x00000001        Data  Gb  command line/config [2]
__low_level_init        0x0800016f   0x4  Code  Gb  low_level_init.o [3]
__vector_table          0x08000000  0xbc  Data  Lc  startup.o [1]
_call_main              0x0800015d        Code  Gb  cmain.o [6]
_exit                   0x08000179        Code  Gb  cexit.o [6]
_main                   0x0800016b        Code  Gb  cmain.o [6]
delay(unsigned int)     0x080000bd   0xc  Code  Gb  main.o [1]
exit                    0x08000173   0x4  Code  Gb  exit.o [3]
main                    0x080000c9  0x3e  Code  Gb  main.o [1]
void FieldValueBase<RCC_AHB1ENR_DMA2EN_Values<RCC::AHB1ENR, (unsigned int)2, (unsigned int)1, ReadWriteMode, RCC::RCCAHB1ENRBase>, RCC::RCCAHB1ENRBase, (unsigned int)1>::Set<ReadWriteMode, void>()
                        0x08000119  0x14  Code  Gb  main.o [1]


[1] = C:\Users\infor\Desktop\Dima\Программированиеееее\2\1\Debug\Obj
[2] = command line
[3] = dl7M_tln.a
[4] = dlpp7M_tl_nc.a
[5] = m7M_tls.a
[6] = rt7M_tl.a
[7] = shb_l.a

  235 bytes of readonly  code memory
  189 bytes of readonly  data memory
  256 bytes of readwrite data memory

Errors: none
Warnings: 1
